2025-04-27 11:23:04,464 WARNING database DDL Query made to DB:
create table `tabJob Skill` (
			name varchar(140) primary key,
			creation datetime(6),
			modified datetime(6),
			modified_by varchar(140),
			owner varchar(140),
			docstatus tinyint not null default '0',
			idx int not null default '0',
			parent varchar(140),
parentfield varchar(140),
parenttype varchar(140),
index parent(parent))
			ENGINE=InnoDB
			ROW_FORMAT=DYNAMIC
			CHARACTER SET=utf8mb4
			COLLATE=utf8mb4_unicode_ci
2025-04-27 11:23:31,548 WARNING database DDL Query made to DB:
alter table `tabJob Skill` add column if not exists parent varchar(140)
2025-04-27 11:23:31,549 WARNING database DDL Query made to DB:
alter table `tabJob Skill` add column if not exists parenttype varchar(140)
2025-04-27 11:23:31,550 WARNING database DDL Query made to DB:
alter table `tabJob Skill` add column if not exists parentfield varchar(140)
2025-04-27 11:23:31,592 WARNING database DDL Query made to DB:
ALTER TABLE `tabJob Skill` ADD COLUMN `skill_name` varchar(140)
2025-04-27 11:26:21,631 WARNING database DDL Query made to DB:
ALTER TABLE `tabJobOpenings` ADD COLUMN `experience` varchar(140)
2025-04-27 11:26:21,638 WARNING database DDL Query made to DB:
ALTER TABLE `tabJobOpenings` MODIFY `isactive` tinyint NOT NULL DEFAULT 0
2025-04-27 11:32:34,242 WARNING database DDL Query made to DB:
ALTER TABLE `tabJobOpenings` MODIFY `isactive` tinyint NOT NULL DEFAULT 0
2025-04-27 11:33:53,959 WARNING database DDL Query made to DB:
ALTER TABLE `tabJobOpenings` MODIFY `isactive` tinyint NOT NULL DEFAULT 0
2025-04-27 11:38:17,617 WARNING database DDL Query made to DB:
ALTER TABLE `tabJobOpenings` MODIFY `isactive` tinyint NOT NULL DEFAULT 0
2025-04-27 15:38:58,728 WARNING database DDL Query made to DB:
create table `tabJob or Internship Registration` (
			name varchar(140) primary key,
			creation datetime(6),
			modified datetime(6),
			modified_by varchar(140),
			owner varchar(140),
			docstatus tinyint not null default '0',
			idx int not null default '0',
			`_user_tags` text,
`_comments` text,
`_assign` text,
`_liked_by` text,
index creation(creation))
			ENGINE=InnoDB
			ROW_FORMAT=DYNAMIC
			CHARACTER SET=utf8mb4
			COLLATE=utf8mb4_unicode_ci
2025-04-27 15:49:11,099 WARNING database DDL Query made to DB:
ALTER TABLE `tabJob or Internship Registration` ADD COLUMN `full_name` varchar(140), ADD COLUMN `resume` text, ADD COLUMN `cv_letter` text, ADD COLUMN `course` varchar(140)
2025-04-27 15:54:56,177 WARNING database DDL Query made to DB:
ALTER TABLE `tabJobOpenings` ADD COLUMN `degree` varchar(140), ADD COLUMN `skills_required` varchar(140)
2025-04-27 15:54:56,188 WARNING database DDL Query made to DB:
ALTER TABLE `tabJobOpenings` MODIFY `isactive` tinyint NOT NULL DEFAULT 0
2025-04-27 15:55:34,481 WARNING database DDL Query made to DB:
ALTER TABLE `tabJobOpenings` MODIFY `isactive` tinyint NOT NULL DEFAULT 0
2025-04-27 15:56:08,339 WARNING database DDL Query made to DB:
ALTER TABLE `tabJobOpenings` MODIFY `isactive` tinyint NOT NULL DEFAULT 0
2025-04-27 15:57:18,212 WARNING database DDL Query made to DB:
ALTER TABLE `tabJobOpenings` MODIFY `isactive` tinyint NOT NULL DEFAULT 0
2025-04-27 16:41:34,272 WARNING database DDL Query made to DB:
ALTER TABLE `tabJobOpenings` MODIFY `isactive` tinyint NOT NULL DEFAULT 0
2025-04-27 16:49:28,945 WARNING database DDL Query made to DB:
ALTER TABLE `tabJob or Internship Registration` ADD COLUMN `year_of_passing` varchar(140)
2025-04-27 16:49:39,664 WARNING database DDL Query made to DB:
create sequence if not exists job_or_internship_registration_id_seq nocache nocycle
2025-04-27 16:49:39,688 WARNING database DDL Query made to DB:
ALTER TABLE `tabJob or Internship Registration` MODIFY `name` bigint
2025-04-28 10:09:53,393 WARNING database DDL Query made to DB:
ALTER TABLE `tabalumniProfile` MODIFY `admission_year` int NOT NULL DEFAULT 0, MODIFY `batch_year` int NOT NULL DEFAULT 0, MODIFY `yearsofexperience` int NOT NULL DEFAULT 0
2025-05-01 19:45:04,227 WARNING database DDL Query made to DB:
ALTER TABLE `tabJob or Internship Registration` ADD COLUMN `job_name` varchar(140)
2025-05-10 15:49:57,462 WARNING database DDL Query made to DB:
ALTER TABLE `tabstudentProfile` MODIFY `prn_no` varchar(140)
2025-05-14 20:01:57,879 WARNING database DDL Query made to DB:
ALTER TABLE `tabalumniProfile` ADD COLUMN `prn_no` varchar(16)
2025-05-14 20:01:57,885 WARNING database DDL Query made to DB:
ALTER TABLE `tabalumniProfile` MODIFY `admission_year` int NOT NULL DEFAULT 0, MODIFY `batch_year` int NOT NULL DEFAULT 0, MODIFY `yearsofexperience` int NOT NULL DEFAULT 0
2025-05-15 11:34:31,623 WARNING database DDL Query made to DB:
ALTER TABLE `tabEventAlRegistration` ADD COLUMN `profile_type` varchar(140), ADD COLUMN `profile_id` varchar(140), ADD COLUMN `status` varchar(140)
2025-05-15 11:47:08,695 WARNING database DDL Query made to DB:
ALTER TABLE `tabEventAl` MODIFY `isactive` tinyint NOT NULL DEFAULT 0, MODIFY `registrationrequired` tinyint NOT NULL DEFAULT 0
2025-05-15 13:17:14,567 WARNING database DDL Query made to DB:
ALTER TABLE `tabEventAlRegistration` MODIFY `registeredon` date
